###############################################################################
#
# IAR ELF Linker V2.20.1.176 for STM8                     20/Nov/2018  11:12:09
# Copyright 2010-2015 IAR Systems AB.
#
#    Output file  =  
#        F:\TDP.HOU\2018.10.23\电针测式-IAR - 副本\Debug\Exe\TDP-IAR.out
#    Map file     =  
#        F:\TDP.HOU\2018.10.23\电针测式-IAR - 副本\Debug\List\TDP-IAR.map
#    Command line =  
#        "F:\TDP.HOU\2018.10.23\电针测式-IAR - 副本\Debug\Obj\delay_tim.o"
#        "F:\TDP.HOU\2018.10.23\电针测式-IAR - 副本\Debug\Obj\main.o"
#        "F:\TDP.HOU\2018.10.23\电针测式-IAR - 副本\Debug\Obj\pink_noise.o"
#        "F:\TDP.HOU\2018.10.23\电针测式-IAR - 副本\Debug\Obj\stm8l15x_adc.o"
#        "F:\TDP.HOU\2018.10.23\电针测式-IAR - 副本\Debug\Obj\stm8l15x_aes.o"
#        "F:\TDP.HOU\2018.10.23\电针测式-IAR - 副本\Debug\Obj\stm8l15x_beep.o"
#        "F:\TDP.HOU\2018.10.23\电针测式-IAR - 副本\Debug\Obj\stm8l15x_clk.o"
#        "F:\TDP.HOU\2018.10.23\电针测式-IAR - 副本\Debug\Obj\stm8l15x_comp.o"
#        "F:\TDP.HOU\2018.10.23\电针测式-IAR - 副本\Debug\Obj\stm8l15x_dac.o"
#        "F:\TDP.HOU\2018.10.23\电针测式-IAR - 副本\Debug\Obj\stm8l15x_dma.o"
#        "F:\TDP.HOU\2018.10.23\电针测式-IAR - 副本\Debug\Obj\stm8l15x_exti.o"
#        "F:\TDP.HOU\2018.10.23\电针测式-IAR - 副本\Debug\Obj\stm8l15x_flash.o"
#        "F:\TDP.HOU\2018.10.23\电针测式-IAR - 副本\Debug\Obj\stm8l15x_gpio.o"
#        "F:\TDP.HOU\2018.10.23\电针测式-IAR - 副本\Debug\Obj\stm8l15x_i2c.o"
#        "F:\TDP.HOU\2018.10.23\电针测式-IAR - 副本\Debug\Obj\stm8l15x_irtim.o"
#        "F:\TDP.HOU\2018.10.23\电针测式-IAR - 副本\Debug\Obj\stm8l15x_it.o"
#        "F:\TDP.HOU\2018.10.23\电针测式-IAR - 副本\Debug\Obj\stm8l15x_itc.o"
#        "F:\TDP.HOU\2018.10.23\电针测式-IAR - 副本\Debug\Obj\stm8l15x_iwdg.o"
#        "F:\TDP.HOU\2018.10.23\电针测式-IAR - 副本\Debug\Obj\stm8l15x_lcd.o"
#        "F:\TDP.HOU\2018.10.23\电针测式-IAR - 副本\Debug\Obj\stm8l15x_pwr.o"
#        "F:\TDP.HOU\2018.10.23\电针测式-IAR - 副本\Debug\Obj\stm8l15x_rst.o"
#        "F:\TDP.HOU\2018.10.23\电针测式-IAR - 副本\Debug\Obj\stm8l15x_rtc.o"
#        "F:\TDP.HOU\2018.10.23\电针测式-IAR - 副本\Debug\Obj\stm8l15x_spi.o"
#        "F:\TDP.HOU\2018.10.23\电针测式-IAR -
#        副本\Debug\Obj\stm8l15x_syscfg.o" "F:\TDP.HOU\2018.10.23\电针测式-IAR
#        - 副本\Debug\Obj\stm8l15x_tim1.o" "F:\TDP.HOU\2018.10.23\电针测式-IAR
#        - 副本\Debug\Obj\stm8l15x_tim2.o" "F:\TDP.HOU\2018.10.23\电针测式-IAR
#        - 副本\Debug\Obj\stm8l15x_tim3.o" "F:\TDP.HOU\2018.10.23\电针测式-IAR
#        - 副本\Debug\Obj\stm8l15x_tim4.o" "F:\TDP.HOU\2018.10.23\电针测式-IAR
#        - 副本\Debug\Obj\stm8l15x_tim5.o" "F:\TDP.HOU\2018.10.23\电针测式-IAR
#        - 副本\Debug\Obj\stm8l15x_usart.o" "F:\TDP.HOU\2018.10.23\电针测式-IAR
#        - 副本\Debug\Obj\stm8l15x_wfe.o" "F:\TDP.HOU\2018.10.23\电针测式-IAR -
#        副本\Debug\Obj\stm8l15x_wwdg.o" "F:\TDP.HOU\2018.10.23\电针测式-IAR -
#        副本\Debug\Obj\temp.o" --redirect _Printf=_PrintfSmall --redirect
#        _Scanf=_ScanfSmall -o "F:\TDP.HOU\2018.10.23\电针测式-IAR -
#        副本\Debug\Exe\TDP-IAR.out" --map "F:\TDP.HOU\2018.10.23\电针测式-IAR
#        - 副本\Debug\List\TDP-IAR.map" --config
#        D:\IAR-2202\stm8\config\lnkstm8l052c6.icf --config_def
#        _CSTACK_SIZE=0x100 --config_def _HEAP_SIZE=0x100 --entry
#        __iar_program_start --debug_lib
#
###############################################################################

*******************************************************************************
*** RUNTIME MODEL ATTRIBUTES
***

__SystemLibrary            = DLib
__code_model               = medium_or_large
__core                     = stm8
__data_model               = medium
__dlib_file_descriptor     = 0
__dlib_full_locale_support = 0
__rt_version               = 4


*******************************************************************************
*** PLACEMENT SUMMARY
***

"A1":  place at start of [0x000000-0x0000ff] { rw section .vregs };
"A2":  place at end of [0x000000-0x0007ff] { block CSTACK };
"P2":  place in [from 0x000000 to 0x0007ff] {
          block HEAP, rw section __DLIB_PERTHREAD, rw section .far.bss,
          rw section .far.data, rw section .far.noinit,
          rw section .far_func.textrw, rw section .huge.bss,
          rw section .huge.data, rw section .huge.noinit,
          rw section .huge_func.textrw, rw section .iar.dynexit,
          rw section .near.bss, rw section .near.data, rw section .near.noinit,
          rw section .near_func.textrw };
"A3":  place at start of [0x008000-0x00ffff] { block INTVEC };
"P3":  place in [from 0x008000 to 0x00ffff] {
          ro section __DLIB_PERTHREAD_init, ro section .far.data_init,
          ro section .far_func.textrw_init, ro section .huge.data_init,
          ro section .huge_func.textrw_init, ro section .iar.init_table,
          ro section .init_array, ro section .near.data_init,
          ro section .near.rodata, ro section .near_func.text,
          ro section .near_func.textrw_init, ro section .tiny.data_init,
          ro section .tiny.rodata_init };
"P4":  place in [from 0x008000 to 0x00ffff] {
          ro section .far.rodata, ro section .far_func.text };

  Section          Kind      Address   Size  Object
  -------          ----      -------   ----  ------
"A1":                                   0xc
  .vregs           uninit   0x000000    0xc  vregs.o [4]
                          - 0x00000c    0xc

"P2":                                   0xa
  .near.bss        zero     0x00000c    0x4  delay_tim.o [1]
  .near.bss        zero     0x000010    0x2  main.o [1]
  .near.bss        zero     0x000012    0x2  main.o [1]
  .near.bss        zero     0x000014    0x2  temp.o [1]
                          - 0x000016    0xa

"A2":                                 0x100
  CSTACK                    0x000700  0x100  <Block>
    CSTACK         uninit   0x000700  0x100  <Block tail>
                          - 0x000800  0x100

"A3":                                  0x80
  INTVEC                    0x008000   0x80  <Block>
    .intvec        const    0x008000   0x80  interrupt.o [4]
                          - 0x008080   0x80

"P3":                                   0x9
  .iar.init_table  const    0x008080    0x9  - Linker created -
                          - 0x008089    0x9

"P4":                                 0x664
  .far_func.text   ro code  0x008089   0xaf  stm8l15x_gpio.o [1]
  .far_func.text   ro code  0x008138   0x9c  main.o [1]
  .far_func.text   ro code  0x0081d4   0x8f  stm8l15x_clk.o [1]
  .far_func.text   ro code  0x008263   0x69  vreg_util.o [4]
  .far_func.text   ro code  0x0082cc   0x65  stm8l15x_it.o [1]
  .far_func.text   ro code  0x008331   0x57  stm8l15x_tim2.o [1]
  .far_func.text   ro code  0x008388   0x41  temp.o [1]
  .far_func.text   ro code  0x0083c9   0x2e  delay_tim.o [1]
  .far_func.text   ro code  0x0083f7   0x29  stm8l15x_tim3.o [1]
  .far_func.text   ro code  0x008420   0x28  delay_tim.o [1]
  .far_func.text   ro code  0x008448   0x26  temp.o [1]
  .far_func.text   ro code  0x00846e   0x24  stm8l15x_tim2.o [1]
  .far_func.text   ro code  0x008492   0x21  stm8l15x_it.o [1]
  .far_func.text   ro code  0x0084b3   0x21  stm8l15x_tim3.o [1]
  .far_func.text   ro code  0x0084d4   0x21  stm8l15x_tim3.o [1]
  .far_func.text   ro code  0x0084f5   0x21  stm8l15x_tim4.o [1]
  .far_func.text   ro code  0x008516   0x21  temp.o [1]
  .far_func.text   ro code  0x008537   0x1e  init.o [4]
  .far_func.text   ro code  0x008555   0x1e  init_small.o [4]
  .far_func.text   ro code  0x008573   0x1d  delay_tim.o [1]
  .far_func.text   ro code  0x008590   0x1a  long_util.o [4]
  .far_func.text   ro code  0x0085aa   0x19  long.o [4]
  .far_func.text   ro code  0x0085c3   0x17  cstartup.o [4]
  .far_func.text   ro code  0x0085da   0x16  __dbg_xxexit.o [3]
  .far_func.text   ro code  0x0085f0   0x13  stm8l15x_tim4.o [1]
  .far_func.text   ro code  0x008603   0x11  stm8l15x_tim4.o [1]
  .far_func.text   ro code  0x008614   0x11  temp.o [1]
  .far_func.text   ro code  0x008625    0xe  far_util.o [4]
  .far_func.text   ro code  0x008633    0xd  stm8l15x_clk.o [1]
  .far_func.text   ro code  0x008640    0xd  stm8l15x_tim2.o [1]
  .far_func.text   ro code  0x00864d    0xd  stm8l15x_tim2.o [1]
  .far_func.text   ro code  0x00865a    0xd  stm8l15x_tim2.o [1]
  .far_func.text   ro code  0x008667    0xd  stm8l15x_tim2.o [1]
  .far_func.text   ro code  0x008674    0xd  stm8l15x_tim4.o [1]
  .far_func.text   ro code  0x008681    0xd  stm8l15x_tim4.o [1]
  .far_func.text   ro code  0x00868e    0x9  stm8l15x_tim3.o [1]
  .far_func.text   ro code  0x008697    0x8  short.o [4]
  .far_func.text   ro code  0x00869f    0x7  stm8l15x_gpio.o [1]
  .far_func.text   ro code  0x0086a6    0x6  cexit.o [4]
  .far_func.text   ro code  0x0086ac    0x5  stm8l15x_tim3.o [1]
  .far_func.text   ro code  0x0086b1    0x5  stm8l15x_tim4.o [1]
  .far_func.text   ro code  0x0086b6    0x4  stm8l15x_clk.o [1]
  .far_func.text   ro code  0x0086ba    0x4  stm8l15x_clk.o [1]
  .far_func.text   ro code  0x0086be    0x4  stm8l15x_gpio.o [1]
  .far_func.text   ro code  0x0086c2    0x4  interrupt.o [4]
  .far_func.text   ro code  0x0086c6    0x4  exit.o [4]
  .far_func.text   ro code  0x0086ca    0x3  low_level_init.o [4]
  .far_func.text   ro code  0x0086cd    0x3  unhandled_exception.o [4]
  .far_func.text   ro code  0x0086d0    0x1  stm8l15x_it.o [1]
  .far_func.text   ro code  0x0086d1    0x1  stm8l15x_it.o [1]
  .far_func.text   ro code  0x0086d2    0x1  stm8l15x_it.o [1]
  .far_func.text   ro code  0x0086d3    0x1  stm8l15x_it.o [1]
  .far_func.text   ro code  0x0086d4    0x1  stm8l15x_it.o [1]
  .far_func.text   ro code  0x0086d5    0x1  stm8l15x_it.o [1]
  .far_func.text   ro code  0x0086d6    0x1  stm8l15x_it.o [1]
  .far_func.text   ro code  0x0086d7    0x1  stm8l15x_it.o [1]
  .far_func.text   ro code  0x0086d8    0x1  stm8l15x_it.o [1]
  .far_func.text   ro code  0x0086d9    0x1  stm8l15x_it.o [1]
  .far_func.text   ro code  0x0086da    0x1  stm8l15x_it.o [1]
  .far_func.text   ro code  0x0086db    0x1  stm8l15x_it.o [1]
  .far_func.text   ro code  0x0086dc    0x1  stm8l15x_it.o [1]
  .far_func.text   ro code  0x0086dd    0x1  stm8l15x_it.o [1]
  .far_func.text   ro code  0x0086de    0x1  stm8l15x_it.o [1]
  .far_func.text   ro code  0x0086df    0x1  stm8l15x_it.o [1]
  .far_func.text   ro code  0x0086e0    0x1  stm8l15x_it.o [1]
  .far_func.text   ro code  0x0086e1    0x1  stm8l15x_it.o [1]
  .far_func.text   ro code  0x0086e2    0x1  stm8l15x_it.o [1]
  .far_func.text   ro code  0x0086e3    0x1  stm8l15x_it.o [1]
  .far_func.text   ro code  0x0086e4    0x1  stm8l15x_it.o [1]
  .far_func.text   ro code  0x0086e5    0x1  stm8l15x_it.o [1]
  .far_func.text   ro code  0x0086e6    0x1  stm8l15x_it.o [1]
  .far_func.text   ro code  0x0086e7    0x1  stm8l15x_it.o [1]
  .far_func.text   ro code  0x0086e8    0x1  stm8l15x_it.o [1]
  .far_func.text   ro code  0x0086e9    0x1  stm8l15x_it.o [1]
  .far_func.text   ro code  0x0086ea    0x1  stm8l15x_it.o [1]
  .far_func.text   ro code  0x0086eb    0x1  stm8l15x_it.o [1]
  .far_func.text   ro code  0x0086ec    0x1  __dbg_break.o [3]
                          - 0x0086ed  0x664


*******************************************************************************
*** INIT TABLE
***

          Address   Size
          -------   ----
Zero (__iar_zero_init2)
    1 destination range, total size 0xa:
          0x00000c   0xa



*******************************************************************************
*** MODULE SUMMARY
***

    Module                 ro code  ro data  rw data
    ------                 -------  -------  -------
F:\TDP.HOU\2018.10.23\电针测式-IAR - 副本\Debug\Obj: [1]
    delay_tim.o                115                 4
    main.o                     156                 4
    stm8l15x_clk.o             164
    stm8l15x_gpio.o            186
    stm8l15x_it.o              162
    stm8l15x_tim2.o            175
    stm8l15x_tim3.o            121
    stm8l15x_tim4.o            100
    temp.o                     153                 2
    ------------------------------------------------
    Total:                   1 332                10

command line: [2]
    ------------------------------------------------
    Total:

dbgstm8mmd.a: [3]
    __dbg_break.o                1
    __dbg_xxexit.o              22
    ------------------------------------------------
    Total:                      23

dlstm8mmn.a: [4]
    cexit.o                      6
    cstartup.o                  23
    exit.o                       4
    far_util.o                  14
    init.o                      30
    init_small.o                30
    interrupt.o                  4      128
    long.o                      25
    long_util.o                 26
    low_level_init.o             3
    short.o                      8
    unhandled_exception.o        3
    vreg_util.o                105
    vregs.o                                       12
    ------------------------------------------------
    Total:                     281      128       12

    Linker created                        9      256
----------------------------------------------------
    Grand Total:             1 636      137      278


*******************************************************************************
*** ENTRY LIST
***

Entry                    Address  Size  Type      Object
-----                    -------  ----  ----      ------
.iar.init_table$$Base   0x008080         --   Gb  - Linker created -
.iar.init_table$$Limit  0x008089         --   Gb  - Linker created -
?b0                     0x000000        Data  Gb  vregs.o [4]
?b1                     0x000001        Data  Gb  vregs.o [4]
?b10                    0x00000a        Data  Gb  vregs.o [4]
?b11                    0x00000b        Data  Gb  vregs.o [4]
?b2                     0x000002        Data  Gb  vregs.o [4]
?b3                     0x000003        Data  Gb  vregs.o [4]
?b4                     0x000004        Data  Gb  vregs.o [4]
?b5                     0x000005        Data  Gb  vregs.o [4]
?b6                     0x000006        Data  Gb  vregs.o [4]
?b7                     0x000007        Data  Gb  vregs.o [4]
?b8                     0x000008        Data  Gb  vregs.o [4]
?b9                     0x000009        Data  Gb  vregs.o [4]
?dec32_0x_0x            0x0085af        Code  Gb  long.o [4]
?dec32_l0_l0            0x0085aa        Code  Gb  long.o [4]
?e0                     0x000001        Data  Gb  vregs.o [4]
?e1                     0x000005        Data  Gb  vregs.o [4]
?e2                     0x000009        Data  Gb  vregs.o [4]
?l0                     0x000000        Data  Gb  vregs.o [4]
?l1                     0x000004        Data  Gb  vregs.o [4]
?l2                     0x000008        Data  Gb  vregs.o [4]
?load24_e1_0x           0x008625        Code  Gb  far_util.o [4]
?load32_0x_l0           0x00859c        Code  Gb  long_util.o [4]
?load32_l0_0x           0x008590        Code  Gb  long_util.o [4]
?pop_l0                 0x0082aa        Code  Gb  vreg_util.o [4]
?pop_l1                 0x0082b5        Code  Gb  vreg_util.o [4]
?push_l0                0x00827f        Code  Gb  vreg_util.o [4]
?push_l1                0x008284        Code  Gb  vreg_util.o [4]
?push_w4                0x008263        Code  Gb  vreg_util.o [4]
?sll16_x_x_a            0x008697        Code  Gb  short.o [4]
?w0                     0x000000        Data  Gb  vregs.o [4]
?w1                     0x000002        Data  Gb  vregs.o [4]
?w2                     0x000004        Data  Gb  vregs.o [4]
?w3                     0x000006        Data  Gb  vregs.o [4]
?w4                     0x000008        Data  Gb  vregs.o [4]
?w5                     0x00000a        Data  Gb  vregs.o [4]
ADC1_COMP_IRQHandler    0x0086e2   0x1  Code  Gb  stm8l15x_it.o [1]
CCR2_Val                0x000014   0x2  Data  Gb  temp.o [1]
CLK_PeripheralClockConfig
                        0x0081d4  0x8f  Code  Gb  stm8l15x_clk.o [1]
CLK_SYSCLKDivConfig     0x0086ba   0x4  Code  Gb  stm8l15x_clk.o [1]
CLK_SYSCLKSourceConfig  0x0086b6   0x4  Code  Gb  stm8l15x_clk.o [1]
CLK_SYSCLKSourceSwitchCmd
                        0x008633   0xd  Code  Gb  stm8l15x_clk.o [1]
CSTACK$$Base            0x000700         --   Gb  - Linker created -
CSTACK$$Limit           0x000800         --   Gb  - Linker created -
DMA1_CHANNEL0_1_IRQHandler
                        0x0086d2   0x1  Code  Gb  stm8l15x_it.o [1]
DMA1_CHANNEL2_3_IRQHandler
                        0x0086d3   0x1  Code  Gb  stm8l15x_it.o [1]
Delay_Timer             0x008573  0x1d  Code  Gb  delay_tim.o [1]
Delay_Timer_Decrement   0x008420  0x28  Code  Gb  delay_tim.o [1]
Delay_Timer_Init        0x0083c9  0x2e  Code  Gb  delay_tim.o [1]
EXTI0_IRQHandler        0x0086d8   0x1  Code  Gb  stm8l15x_it.o [1]
EXTI1_IRQHandler        0x0086d9   0x1  Code  Gb  stm8l15x_it.o [1]
EXTI2_IRQHandler        0x0086da   0x1  Code  Gb  stm8l15x_it.o [1]
EXTI3_IRQHandler        0x0086db   0x1  Code  Gb  stm8l15x_it.o [1]
EXTI4_IRQHandler        0x0086dc   0x1  Code  Gb  stm8l15x_it.o [1]
EXTI5_IRQHandler        0x0086dd   0x1  Code  Gb  stm8l15x_it.o [1]
EXTI6_IRQHandler        0x0086de   0x1  Code  Gb  stm8l15x_it.o [1]
EXTI7_IRQHandler        0x0086df   0x1  Code  Gb  stm8l15x_it.o [1]
EXTIB_G_IRQHandler      0x0086d6   0x1  Code  Gb  stm8l15x_it.o [1]
EXTID_H_IRQHandler      0x0086d7   0x1  Code  Gb  stm8l15x_it.o [1]
EXTIE_F_PVD_IRQHandler  0x0086d5   0x1  Code  Gb  stm8l15x_it.o [1]
FLASH_IRQHandler        0x0086d1   0x1  Code  Gb  stm8l15x_it.o [1]
GPIO_Config             0x008388  0x41  Code  Gb  temp.o [1]
GPIO_Init               0x008089  0xaf  Code  Gb  stm8l15x_gpio.o [1]
GPIO_ResetBits          0x0086be   0x4  Code  Gb  stm8l15x_gpio.o [1]
GPIO_SetBits            0x00869f   0x7  Code  Gb  stm8l15x_gpio.o [1]
I2C1_SPI2_IRQHandler    0x0086eb   0x1  Code  Gb  stm8l15x_it.o [1]
INTVEC$$Base            0x008000         --   Gb  - Linker created -
INTVEC$$Limit           0x008080         --   Gb  - Linker created -
LCD_AES_IRQHandler      0x0086e0   0x1  Code  Gb  stm8l15x_it.o [1]
RTC_CSSLSE_IRQHandler   0x0086d4   0x1  Code  Gb  stm8l15x_it.o [1]
Region$$Table$$Base     0x008080         --   Gb  - Linker created -
Region$$Table$$Limit    0x008089         --   Gb  - Linker created -
SPI1_IRQHandler         0x0086e8   0x1  Code  Gb  stm8l15x_it.o [1]
SWITCH_CSS_BREAK_DAC_IRQHandler
                        0x0086e1   0x1  Code  Gb  stm8l15x_it.o [1]
SYS_config              0x008614  0x11  Code  Gb  temp.o [1]
TIM1_CC_IRQHandler      0x0086e7   0x1  Code  Gb  stm8l15x_it.o [1]
TIM1_UPD_OVF_TRG_COM_IRQHandler
                        0x0086e6   0x1  Code  Gb  stm8l15x_it.o [1]
TIM2_ARRPreloadConfig   0x008640   0xd  Code  Gb  stm8l15x_tim2.o [1]
TIM2_CC_USART2_RX_IRQHandler
                        0x0086e4   0x1  Code  Gb  stm8l15x_it.o [1]
TIM2_Cmd                0x00864d   0xd  Code  Gb  stm8l15x_tim2.o [1]
TIM2_Config             0x008448  0x26  Code  Gb  temp.o [1]
TIM2_CtrlPWMOutputs     0x00865a   0xd  Code  Gb  stm8l15x_tim2.o [1]
TIM2_OC2Init            0x008331  0x57  Code  Gb  stm8l15x_tim2.o [1]
TIM2_OC2PreloadConfig   0x008667   0xd  Code  Gb  stm8l15x_tim2.o [1]
TIM2_TimeBaseInit       0x00846e  0x24  Code  Gb  stm8l15x_tim2.o [1]
TIM2_UPD_OVF_TRG_BRK_USART2_TX_IRQHandler
                        0x0086e3   0x1  Code  Gb  stm8l15x_it.o [1]
TIM3_CC_USART3_RX_IRQHandler
                        0x0082cc  0x65  Code  Gb  stm8l15x_it.o [1]
TIM3_ClearITPendingBit  0x0086ac   0x5  Code  Gb  stm8l15x_tim3.o [1]
TIM3_GetCapture1        0x0084b3  0x21  Code  Gb  stm8l15x_tim3.o [1]
TIM3_GetCapture2        0x0084d4  0x21  Code  Gb  stm8l15x_tim3.o [1]
TIM3_GetITStatus        0x0083f7  0x29  Code  Gb  stm8l15x_tim3.o [1]
TIM3_SetCounter         0x00868e   0x9  Code  Gb  stm8l15x_tim3.o [1]
TIM3_UPD_OVF_TRG_BRK_USART3_TX_IRQHandler
                        0x0086e5   0x1  Code  Gb  stm8l15x_it.o [1]
TIM4_ARRPreloadConfig   0x008674   0xd  Code  Gb  stm8l15x_tim4.o [1]
TIM4_ClearITPendingBit  0x0086b1   0x5  Code  Gb  stm8l15x_tim4.o [1]
TIM4_Cmd                0x008681   0xd  Code  Gb  stm8l15x_tim4.o [1]
TIM4_DeInit             0x0084f5  0x21  Code  Gb  stm8l15x_tim4.o [1]
TIM4_ITConfig           0x0085f0  0x13  Code  Gb  stm8l15x_tim4.o [1]
TIM4_TimeBaseInit       0x008603  0x11  Code  Gb  stm8l15x_tim4.o [1]
TIM4_UPD_OVF_TRG_IRQHandler
                        0x008492  0x21  Code  Gb  stm8l15x_it.o [1]
TRAP_IRQHandler         0x0086d0   0x1  Code  Gb  stm8l15x_it.o [1]
TimingDelay             0x00000c   0x4  Data  Lc  delay_tim.o [1]
USART1_RX_TIM5_CC_IRQHandler
                        0x0086ea   0x1  Code  Gb  stm8l15x_it.o [1]
USART1_TX_TIM5_UPD_OVF_TRG_BRK_IRQHandler
                        0x0086e9   0x1  Code  Gb  stm8l15x_it.o [1]
Voltage_TIM2_Init       0x008516  0x21  Code  Gb  temp.o [1]
__DebugBreak            0x0086ec   0x1  Code  Gb  __dbg_break.o [3]
__exit                  0x0085da  0x16  Code  Gb  __dbg_xxexit.o [3]
__iar_data_init2        0x008537  0x1e  Code  Gb  init.o [4]
__iar_program_start     0x0085c3        Code  Gb  cstartup.o [4]
__iar_unhandled_exception
                        0x0086cd        Code  Gb  unhandled_exception.o [4]
__iar_zero_init2        0x008555        Code  Gb  init_small.o [4]
__intvec                0x008000        Data  Gb  interrupt.o [4]
__low_level_init        0x0086ca   0x3  Code  Gb  low_level_init.o [4]
_exit                   0x0086a6        Code  Gb  cexit.o [4]
_interrupt_1            0x0086d0        Code  Gb  stm8l15x_it.o [1]
_interrupt_10           0x0086d8        Code  Gb  stm8l15x_it.o [1]
_interrupt_11           0x0086d9        Code  Gb  stm8l15x_it.o [1]
_interrupt_12           0x0086da        Code  Gb  stm8l15x_it.o [1]
_interrupt_13           0x0086db        Code  Gb  stm8l15x_it.o [1]
_interrupt_14           0x0086dc        Code  Gb  stm8l15x_it.o [1]
_interrupt_15           0x0086dd        Code  Gb  stm8l15x_it.o [1]
_interrupt_16           0x0086de        Code  Gb  stm8l15x_it.o [1]
_interrupt_17           0x0086df        Code  Gb  stm8l15x_it.o [1]
_interrupt_18           0x0086e0        Code  Gb  stm8l15x_it.o [1]
_interrupt_19           0x0086e1        Code  Gb  stm8l15x_it.o [1]
_interrupt_20           0x0086e2        Code  Gb  stm8l15x_it.o [1]
_interrupt_21           0x0086e3        Code  Gb  stm8l15x_it.o [1]
_interrupt_22           0x0086e4        Code  Gb  stm8l15x_it.o [1]
_interrupt_23           0x0086e5        Code  Gb  stm8l15x_it.o [1]
_interrupt_24           0x0082cc        Code  Gb  stm8l15x_it.o [1]
_interrupt_25           0x0086e6        Code  Gb  stm8l15x_it.o [1]
_interrupt_26           0x0086e7        Code  Gb  stm8l15x_it.o [1]
_interrupt_27           0x008492        Code  Gb  stm8l15x_it.o [1]
_interrupt_28           0x0086e8        Code  Gb  stm8l15x_it.o [1]
_interrupt_29           0x0086e9        Code  Gb  stm8l15x_it.o [1]
_interrupt_3            0x0086d1        Code  Gb  stm8l15x_it.o [1]
_interrupt_30           0x0086ea        Code  Gb  stm8l15x_it.o [1]
_interrupt_31           0x0086eb        Code  Gb  stm8l15x_it.o [1]
_interrupt_4            0x0086d2        Code  Gb  stm8l15x_it.o [1]
_interrupt_5            0x0086d3        Code  Gb  stm8l15x_it.o [1]
_interrupt_6            0x0086d4        Code  Gb  stm8l15x_it.o [1]
_interrupt_7            0x0086d5        Code  Gb  stm8l15x_it.o [1]
_interrupt_8            0x0086d6        Code  Gb  stm8l15x_it.o [1]
_interrupt_9            0x0086d7        Code  Gb  stm8l15x_it.o [1]
exit                    0x0086c6   0x4  Code  Gb  exit.o [4]
flag                    0x000012   0x2  Data  Gb  main.o [1]
main                    0x008138  0x9c  Code  Gb  main.o [1]
temp                    0x000010   0x2  Data  Gb  main.o [1]


[1] = F:\TDP.HOU\2018.10.23\电针测式-IAR - 副本\Debug\Obj
[2] = command line
[3] = dbgstm8mmd.a
[4] = dlstm8mmn.a

  1 636 bytes of readonly  code memory
    137 bytes of readonly  data memory
    278 bytes of readwrite data memory

Errors: none
Warnings: none
